[0]Nv: 69
[0]  155 154 157 156 25 9 10 13 14 1 3 5 7 [0-13)
[0]  153 5 3 2 0 [13-18)
[0]  153 6 4 51 1 [18-23)
[0]  153 7 1 17 4 0 [23-29)
[0]  153 8 2 18 53 3 [29-35)
[0]  1 26 7 6 0 [35-40)
[0]  2 27 8 55 5 [40-45)
[0]  3 28 5 21 8 0 [45-51)
[0]  4 29 6 22 57 7 [51-57)
[0]  170 13 0 11 10 [57-62)
[0]  170 14 0 12 17 9 [62-68)
[0]  170 15 9 43 12 [68-73)
[0]  170 16 10 43 19 11 [73-79)
[0]  9 34 0 15 14 [79-84)
[0]  10 35 0 16 21 13 [84-90)
[0]  11 36 13 43 16 [90-95)
[0]  12 37 14 43 23 15 [95-101)
[0]  163 21 3 19 18 10 [101-107)
[0]  162 22 4 20 60 17 [107-113)
[0]  165 23 17 44 20 12 [113-119)
[0]  164 24 18 44 60 19 [119-125)
[0]  17 42 7 23 22 14 [125-131)
[0]  18 42 8 24 60 21 [131-137)
[0]  19 42 21 44 24 16 [137-143)
[0]  20 42 22 44 60 23 [143-149)
[0]  80 81 82 83 0 34 35 38 39 26 28 30 32 [149-162)
[0]  5 30 28 27 25 [162-167)
[0]  69 6 31 29 26 [167-172)
[0]  7 32 26 42 29 25 [172-178)
[0]  71 8 33 27 42 28 [178-184)
[0]  88 26 32 31 25 [184-189)
[0]  88 73 27 33 30 [189-194)
[0]  88 28 30 42 33 25 [194-200)
[0]  88 75 29 31 42 32 [200-206)
[0]  13 38 25 36 35 [206-211)
[0]  14 39 25 37 42 34 [211-217)
[0]  15 40 34 47 37 [217-222)
[0]  16 41 35 47 42 36 [222-228)
[0]  89 34 25 40 39 [228-233)
[0]  89 35 25 41 42 38 [233-239)
[0]  89 36 38 47 41 [239-244)
[0]  89 37 39 47 42 40 [244-250)
[0]  90 78 21 22 23 24 28 29 32 33 48 35 37 39 41 [250-265)
[0]  144 142 143 141 47 11 12 15 16 45 44 [265-276)
[0]  135 133 134 132 48 19 20 23 24 46 60 43 [276-288)
[0]  140 49 43 46 [288-292)
[0]  131 50 44 63 64 67 68 45 [292-300)
[0]  89 43 36 37 40 41 49 48 [300-308)
[0]  90 78 44 42 50 47 [308-314)
[0]  102 103 106 107 45 47 50 [314-321)
[0]  108 79 46 48 49 [321-326)
[0]  110 55 53 52 2 [326-331)
[0]  110 56 54 59 51 [331-336)
[0]  110 57 51 60 54 4 [336-342)
[0]  110 58 52 60 59 53 [342-348)
[0]  69 51 57 56 6 [348-353)
[0]  70 52 58 59 55 [353-358)
[0]  71 53 55 60 58 8 [358-364)
[0]  72 54 56 60 59 57 [364-370)
[0]  109 77 61 62 65 66 52 54 56 58 [370-380)
[0]  112 78 53 54 57 58 44 61 63 65 67 18 20 22 24 [380-395)
[0]  111 65 59 63 62 60 [395-401)
[0]  111 66 59 64 61 [401-406)
[0]  111 67 61 46 64 60 [406-412)
[0]  111 68 62 46 63 [412-417)
[0]  79 61 59 67 66 60 [417-423)
[0]  79 62 59 68 65 [423-428)
[0]  79 63 65 46 68 60 [428-434)
[0]  79 64 66 46 67 [434-439)
[1]Nv: 80
[1]  55 27 73 71 70 [0-5)
[1]  56 74 72 77 69 [5-10)
[1]  57 29 75 69 78 72 [10-16)
[1]  58 76 70 78 77 71 [16-22)
[1]  31 69 88 75 74 [22-27)
[1]  70 88 76 77 73 [27-32)
[1]  33 71 88 73 78 76 [32-38)
[1]  72 88 74 78 77 75 [38-44)
[1]  59 99 79 70 72 74 76 [44-51)
[1]  60 48 42 90 71 72 75 76 79 [51-60)
[1]  65 66 67 68 50 108 77 78 [60-68)
[1]  25 84 82 81 [68-72)
[1]  25 85 83 88 80 [72-77)
[1]  25 86 80 89 83 [77-82)
[1]  25 87 81 89 88 82 [82-88)
[1]  80 91 86 85 [88-92)
[1]  81 92 87 88 84 [92-97)
[1]  82 93 84 89 87 [97-102)
[1]  83 94 85 89 88 86 [102-108)
[1]  30 31 32 33 99 90 73 74 75 76 81 83 85 87 [108-122)
[1]  38 39 40 41 47 100 101 102 103 82 83 86 87 90 [122-136)
[1]  42 48 108 88 78 89 [136-142)
[1]  84 95 93 92 [142-146)
[1]  85 96 94 99 91 [146-151)
[1]  86 97 91 100 94 [151-156)
[1]  87 98 92 101 99 93 [156-162)
[1]  91 97 96 [162-165)
[1]  92 98 99 95 [165-169)
[1]  93 95 104 98 [169-173)
[1]  94 96 105 99 97 [173-178)
[1]  88 108 77 92 94 96 98 [178-185)
[1]  89 104 93 102 101 [185-190)
[1]  89 105 94 103 108 100 [190-196)
[1]  49 89 106 100 103 [196-201)
[1]  49 89 107 101 108 102 [201-207)
[1]  100 97 106 105 [207-211)
[1]  101 98 107 108 104 [211-216)
[1]  49 102 104 107 [216-220)
[1]  49 103 105 108 106 [220-225)
[1]  50 90 99 79 101 103 105 107 [225-233)
[1]  59 113 114 115 116 111 110 [233-240)
[1]  51 52 53 54 153 121 122 123 124 112 109 [240-251)
[1]  61 62 63 64 129 109 131 112 [251-259)
[1]  60 162 164 166 168 130 110 132 133 136 137 111 [259-271)
[1]  109 117 115 114 [271-275)
[1]  109 118 116 121 113 [275-280)
[1]  109 119 113 129 116 [280-285)
[1]  109 120 114 129 123 115 [285-291)
[1]  175 113 119 118 [291-295)
[1]  176 114 120 125 117 [295-300)
[1]  177 115 117 129 120 [300-305)
[1]  178 116 118 129 127 119 [305-311)
[1]  110 125 123 122 114 [311-316)
[1]  171 110 126 124 121 [316-321)
[1]  110 127 121 130 124 116 [321-327)
[1]  171 110 128 122 130 123 [327-333)
[1]  183 121 127 126 118 [333-338)
[1]  184 171 122 128 125 [338-343)
[1]  185 123 125 130 128 120 [343-349)
[1]  186 171 124 126 130 127 [349-355)
[1]  191 192 193 194 149 111 115 116 119 120 130 [355-366)
[1]  199 150 173 112 123 124 127 128 129 [366-375)
[1]  46 149 111 140 132 134 136 138 [375-383)
[1]  44 136 112 134 133 131 [383-389)
[1]  44 164 137 112 135 132 [389-395)
[1]  44 138 132 141 135 131 [395-401)
[1]  44 165 139 133 142 134 [401-407)
[1]  150 132 112 138 137 131 [407-413)
[1]  150 168 133 112 139 136 [413-419)
[1]  150 134 136 145 139 131 [419-425)
[1]  150 169 135 137 146 138 [425-431)
[1]  45 151 131 141 143 145 147 [431-438)
[1]  43 145 134 143 142 140 [438-444)
[1]  43 170 146 135 144 141 [444-450)
[1]  43 147 141 144 140 [450-455)
[1]  43 170 148 142 143 [455-460)
[1]  152 141 138 147 146 140 [460-466)
[1]  152 170 142 139 148 145 [466-472)
[1]  152 143 145 148 140 [472-477)
[1]  152 170 144 146 147 [477-482)
[2]Nv: 69
[2]  131 129 193 194 197 198 151 150 [0-8)
[2]  136 137 138 139 130 199 152 173 149 [8-17)
[2]  140 216 149 152 [17-21)
[2]  145 146 147 148 217 150 174 151 [21-29)
[2]  1 2 3 4 110 171 162 163 166 167 154 156 158 160 [29-43)
[2]  0 158 156 155 153 [43-48)
[2]  0 159 157 154 [48-52)
[2]  0 160 154 170 157 153 [52-58)
[2]  0 161 155 170 156 [58-63)
[2]  154 172 160 159 153 [63-68)
[2]  155 172 161 158 [68-72)
[2]  156 172 158 170 161 153 [72-78)
[2]  157 172 159 170 160 [78-83)
[2]  18 112 166 153 164 163 [83-89)
[2]  17 167 153 165 170 162 [89-95)
[2]  20 133 112 168 162 165 [95-101)
[2]  19 135 169 163 170 164 [101-107)
[2]  112 162 173 153 168 167 [107-113)
[2]  163 173 153 169 170 166 [113-119)
[2]  137 112 164 173 166 169 [119-125)
[2]  139 165 173 167 170 168 [125-131)
[2]  9 10 11 12 142 144 146 148 174 156 157 160 161 163 165 167 169 [131-148)
[2]  122 124 126 128 153 184 188 186 190 173 172 [148-159)
[2]  158 159 160 161 209 213 211 215 174 171 [159-169)
[2]  130 166 167 168 169 199 171 150 174 [169-178)
[2]  170 217 172 152 173 [178-183)
[2]  117 179 177 176 [183-187)
[2]  118 180 178 183 175 [187-192)
[2]  119 181 175 191 178 [192-197)
[2]  120 182 176 192 185 177 [197-203)
[2]  175 200 181 180 [203-207)
[2]  176 201 182 187 179 [207-212)
[2]  177 202 179 195 182 [212-217)
[2]  178 203 180 196 189 181 [217-223)
[2]  125 187 185 184 176 [223-228)
[2]  126 188 186 171 183 [228-233)
[2]  127 189 183 199 186 178 [233-239)
[2]  128 190 184 199 171 185 [239-245)
[2]  183 208 189 188 180 [245-250)
[2]  184 209 190 171 187 [250-255)
[2]  185 210 187 199 190 182 [255-261)
[2]  186 211 188 199 171 189 [261-267)
[2]  129 195 177 193 192 [267-272)
[2]  129 196 178 194 199 191 [272-278)
[2]  129 197 191 149 194 [278-283)
[2]  129 198 192 149 199 193 [283-289)
[2]  191 216 181 197 196 [289-294)
[2]  192 216 182 198 199 195 [294-300)
[2]  193 216 195 149 198 [300-305)
[2]  194 216 196 149 199 197 [305-311)
[2]  130 217 185 186 189 190 150 173 192 194 196 198 [311-323)
[2]  179 204 202 201 [323-327)
[2]  180 205 203 208 200 [327-332)
[2]  181 206 200 216 203 [332-337)
[2]  182 207 201 216 210 202 [337-343)
[2]  200 206 205 [343-346)
[2]  201 207 212 204 [346-350)
[2]  202 204 216 207 [350-354)
[2]  203 205 216 214 206 [354-359)
[2]  187 212 210 209 201 [359-364)
[2]  188 213 211 172 208 [364-369)
[2]  189 214 208 217 211 203 [369-375)
[2]  190 215 209 217 172 210 [375-381)
[2]  208 214 213 205 [381-385)
[2]  209 215 172 212 [385-389)
[2]  210 212 217 215 207 [389-394)
[2]  211 213 217 172 214 [394-399)
[2]  195 196 197 198 202 203 206 207 151 217 [399-409)
[2]  199 210 211 214 215 152 174 216 [409-417)
DM Object: Simplicial Mesh 3 MPI processes
  type: plex
Simplicial Mesh in 3 dimensions:
  0-cells: 172 172 185
  1-cells: 443 463 480
  2-cells: 307 325 331
  3-cells: 71 73 74
Labels:
  depth: 4 strata with value/size (0 (172), 1 (443), 2 (307), 3 (71))
Mesh with 218 cells, shape condition numbers: min = 3.35466, max = 4.81894, mean = 3.73687, stddev = 0.278858
