Mesh with 1314 cells, shape condition numbers: min = 2.00002, max = 27.9568, mean = 2.52752, stddev = 1.53714
