[0]Nv: 69
[0]  1 3 5 7 9 10 13 14 25 154 155 156 157 [0-13)
[0]  0 2 3 5 153 [13-18)
[0]  1 4 6 51 153 [18-23)
[0]  0 1 4 7 17 153 [23-29)
[0]  2 3 8 18 53 153 [29-35)
[0]  0 1 6 7 26 [35-40)
[0]  2 5 8 27 55 [40-45)
[0]  0 3 5 8 21 28 [45-51)
[0]  4 6 7 22 29 57 [51-57)
[0]  0 10 11 13 170 [57-62)
[0]  0 9 12 14 17 170 [62-68)
[0]  9 12 15 43 170 [68-73)
[0]  10 11 16 19 43 170 [73-79)
[0]  0 9 14 15 34 [79-84)
[0]  0 10 13 16 21 35 [84-90)
[0]  11 13 16 36 43 [90-95)
[0]  12 14 15 23 37 43 [95-101)
[0]  3 10 18 19 21 163 [101-107)
[0]  4 17 20 22 60 162 [107-113)
[0]  12 17 20 23 44 165 [113-119)
[0]  18 19 24 44 60 164 [119-125)
[0]  7 14 17 22 23 42 [125-131)
[0]  8 18 21 24 42 60 [131-137)
[0]  16 19 21 24 42 44 [137-143)
[0]  20 22 23 42 44 60 [143-149)
[0]  0 26 28 30 32 34 35 38 39 80 81 82 83 [149-162)
[0]  5 25 27 28 30 [162-167)
[0]  6 26 29 31 69 [167-172)
[0]  7 25 26 29 32 42 [172-178)
[0]  8 27 28 33 42 71 [178-184)
[0]  25 26 31 32 88 [184-189)
[0]  27 30 33 73 88 [189-194)
[0]  25 28 30 33 42 88 [194-200)
[0]  29 31 32 42 75 88 [200-206)
[0]  13 25 35 36 38 [206-211)
[0]  14 25 34 37 39 42 [211-217)
[0]  15 34 37 40 47 [217-222)
[0]  16 35 36 41 42 47 [222-228)
[0]  25 34 39 40 89 [228-233)
[0]  25 35 38 41 42 89 [233-239)
[0]  36 38 41 47 89 [239-244)
[0]  37 39 40 42 47 89 [244-250)
[0]  21 22 23 24 28 29 32 33 35 37 39 41 48 78 90 [250-265)
[0]  11 12 15 16 44 45 47 141 142 143 144 [265-276)
[0]  19 20 23 24 43 46 48 60 132 133 134 135 [276-288)
[0]  43 46 49 140 [288-292)
[0]  44 45 50 63 64 67 68 131 [292-300)
[0]  36 37 40 41 43 48 49 89 [300-308)
[0]  42 44 47 50 78 90 [308-314)
[0]  45 47 50 102 103 106 107 [314-321)
[0]  46 48 49 79 108 [321-326)
[0]  2 52 53 55 110 [326-331)
[0]  51 54 56 59 110 [331-336)
[0]  4 51 54 57 60 110 [336-342)
[0]  52 53 58 59 60 110 [342-348)
[0]  6 51 56 57 69 [348-353)
[0]  52 55 58 59 70 [353-358)
[0]  8 53 55 58 60 71 [358-364)
[0]  54 56 57 59 60 72 [364-370)
[0]  52 54 56 58 61 62 65 66 77 109 [370-380)
[0]  18 20 22 24 44 53 54 57 58 61 63 65 67 78 112 [380-395)
[0]  59 60 62 63 65 111 [395-401)
[0]  59 61 64 66 111 [401-406)
[0]  46 60 61 64 67 111 [406-412)
[0]  46 62 63 68 111 [412-417)
[0]  59 60 61 66 67 79 [417-423)
[0]  59 62 65 68 79 [423-428)
[0]  46 60 63 65 68 79 [428-434)
[0]  46 64 66 67 79 [434-439)
[1]Nv: 80
[1]  27 55 70 71 73 [0-5)
[1]  56 69 72 74 77 [5-10)
[1]  29 57 69 72 75 78 [10-16)
[1]  58 70 71 76 77 78 [16-22)
[1]  31 69 74 75 88 [22-27)
[1]  70 73 76 77 88 [27-32)
[1]  33 71 73 76 78 88 [32-38)
[1]  72 74 75 77 78 88 [38-44)
[1]  59 70 72 74 76 79 99 [44-51)
[1]  42 48 60 71 72 75 76 79 90 [51-60)
[1]  50 65 66 67 68 77 78 108 [60-68)
[1]  25 81 82 84 [68-72)
[1]  25 80 83 85 88 [72-77)
[1]  25 80 83 86 89 [77-82)
[1]  25 81 82 87 88 89 [82-88)
[1]  80 85 86 91 [88-92)
[1]  81 84 87 88 92 [92-97)
[1]  82 84 87 89 93 [97-102)
[1]  83 85 86 88 89 94 [102-108)
[1]  30 31 32 33 73 74 75 76 81 83 85 87 90 99 [108-122)
[1]  38 39 40 41 47 82 83 86 87 90 100 101 102 103 [122-136)
[1]  42 48 78 88 89 108 [136-142)
[1]  84 92 93 95 [142-146)
[1]  85 91 94 96 99 [146-151)
[1]  86 91 94 97 100 [151-156)
[1]  87 92 93 98 99 101 [156-162)
[1]  91 96 97 [162-165)
[1]  92 95 98 99 [165-169)
[1]  93 95 98 104 [169-173)
[1]  94 96 97 99 105 [173-178)
[1]  77 88 92 94 96 98 108 [178-185)
[1]  89 93 101 102 104 [185-190)
[1]  89 94 100 103 105 108 [190-196)
[1]  49 89 100 103 106 [196-201)
[1]  49 89 101 102 107 108 [201-207)
[1]  97 100 105 106 [207-211)
[1]  98 101 104 107 108 [211-216)
[1]  49 102 104 107 [216-220)
[1]  49 103 105 106 108 [220-225)
[1]  50 79 90 99 101 103 105 107 [225-233)
[1]  59 110 111 113 114 115 116 [233-240)
[1]  51 52 53 54 109 112 121 122 123 124 153 [240-251)
[1]  61 62 63 64 109 112 129 131 [251-259)
[1]  60 110 111 130 132 133 136 137 162 164 166 168 [259-271)
[1]  109 114 115 117 [271-275)
[1]  109 113 116 118 121 [275-280)
[1]  109 113 116 119 129 [280-285)
[1]  109 114 115 120 123 129 [285-291)
[1]  113 118 119 175 [291-295)
[1]  114 117 120 125 176 [295-300)
[1]  115 117 120 129 177 [300-305)
[1]  116 118 119 127 129 178 [305-311)
[1]  110 114 122 123 125 [311-316)
[1]  110 121 124 126 171 [316-321)
[1]  110 116 121 124 127 130 [321-327)
[1]  110 122 123 128 130 171 [327-333)
[1]  118 121 126 127 183 [333-338)
[1]  122 125 128 171 184 [338-343)
[1]  120 123 125 128 130 185 [343-349)
[1]  124 126 127 130 171 186 [349-355)
[1]  111 115 116 119 120 130 149 191 192 193 194 [355-366)
[1]  112 123 124 127 128 129 150 173 199 [366-375)
[1]  46 111 132 134 136 138 140 149 [375-383)
[1]  44 112 131 133 134 136 [383-389)
[1]  44 112 132 135 137 164 [389-395)
[1]  44 131 132 135 138 141 [395-401)
[1]  44 133 134 139 142 165 [401-407)
[1]  112 131 132 137 138 150 [407-413)
[1]  112 133 136 139 150 168 [413-419)
[1]  131 134 136 139 145 150 [419-425)
[1]  135 137 138 146 150 169 [425-431)
[1]  45 131 141 143 145 147 151 [431-438)
[1]  43 134 140 142 143 145 [438-444)
[1]  43 135 141 144 146 170 [444-450)
[1]  43 140 141 144 147 [450-455)
[1]  43 142 143 148 170 [455-460)
[1]  138 140 141 146 147 152 [460-466)
[1]  139 142 145 148 152 170 [466-472)
[1]  140 143 145 148 152 [472-477)
[1]  144 146 147 152 170 [477-482)
[2]Nv: 69
[2]  129 131 150 151 193 194 197 198 [0-8)
[2]  130 136 137 138 139 149 152 173 199 [8-17)
[2]  140 149 152 216 [17-21)
[2]  145 146 147 148 150 151 174 217 [21-29)
[2]  1 2 3 4 110 154 156 158 160 162 163 166 167 171 [29-43)
[2]  0 153 155 156 158 [43-48)
[2]  0 154 157 159 [48-52)
[2]  0 153 154 157 160 170 [52-58)
[2]  0 155 156 161 170 [58-63)
[2]  153 154 159 160 172 [63-68)
[2]  155 158 161 172 [68-72)
[2]  153 156 158 161 170 172 [72-78)
[2]  157 159 160 170 172 [78-83)
[2]  18 112 153 163 164 166 [83-89)
[2]  17 153 162 165 167 170 [89-95)
[2]  20 112 133 162 165 168 [95-101)
[2]  19 135 163 164 169 170 [101-107)
[2]  112 153 162 167 168 173 [107-113)
[2]  153 163 166 169 170 173 [113-119)
[2]  112 137 164 166 169 173 [119-125)
[2]  139 165 167 168 170 173 [125-131)
[2]  9 10 11 12 142 144 146 148 156 157 160 161 163 165 167 169 174 [131-148)
[2]  122 124 126 128 153 172 173 184 186 188 190 [148-159)
[2]  158 159 160 161 171 174 209 211 213 215 [159-169)
[2]  130 150 166 167 168 169 171 174 199 [169-178)
[2]  152 170 172 173 217 [178-183)
[2]  117 176 177 179 [183-187)
[2]  118 175 178 180 183 [187-192)
[2]  119 175 178 181 191 [192-197)
[2]  120 176 177 182 185 192 [197-203)
[2]  175 180 181 200 [203-207)
[2]  176 179 182 187 201 [207-212)
[2]  177 179 182 195 202 [212-217)
[2]  178 180 181 189 196 203 [217-223)
[2]  125 176 184 185 187 [223-228)
[2]  126 171 183 186 188 [228-233)
[2]  127 178 183 186 189 199 [233-239)
[2]  128 171 184 185 190 199 [239-245)
[2]  180 183 188 189 208 [245-250)
[2]  171 184 187 190 209 [250-255)
[2]  182 185 187 190 199 210 [255-261)
[2]  171 186 188 189 199 211 [261-267)
[2]  129 177 192 193 195 [267-272)
[2]  129 178 191 194 196 199 [272-278)
[2]  129 149 191 194 197 [278-283)
[2]  129 149 192 193 198 199 [283-289)
[2]  181 191 196 197 216 [289-294)
[2]  182 192 195 198 199 216 [294-300)
[2]  149 193 195 198 216 [300-305)
[2]  149 194 196 197 199 216 [305-311)
[2]  130 150 173 185 186 189 190 192 194 196 198 217 [311-323)
[2]  179 201 202 204 [323-327)
[2]  180 200 203 205 208 [327-332)
[2]  181 200 203 206 216 [332-337)
[2]  182 201 202 207 210 216 [337-343)
[2]  200 205 206 [343-346)
[2]  201 204 207 212 [346-350)
[2]  202 204 207 216 [350-354)
[2]  203 205 206 214 216 [354-359)
[2]  187 201 209 210 212 [359-364)
[2]  172 188 208 211 213 [364-369)
[2]  189 203 208 211 214 217 [369-375)
[2]  172 190 209 210 215 217 [375-381)
[2]  205 208 213 214 [381-385)
[2]  172 209 212 215 [385-389)
[2]  207 210 212 215 217 [389-394)
[2]  172 211 213 214 217 [394-399)
[2]  151 195 196 197 198 202 203 206 207 217 [399-409)
[2]  152 174 199 210 211 214 215 216 [409-417)
DM Object: Simplicial Mesh 3 MPI processes
  type: plex
Simplicial Mesh in 3 dimensions:
  0-cells: 171 199 177
  1-cells: 438 524 453
  2-cells: 307 353 320
  3-cells: 72 73 73
Labels:
  depth: 4 strata with value/size (0 (171), 1 (438), 2 (307), 3 (72))
Mesh with 218 cells, shape condition numbers: min = 3.35466, max = 4.81894, mean = 3.73687, stddev = 0.278858
