Mesh with 111 cells, shape condition numbers: min = 2.26667, max = 2.26667, mean = 2.26667, stddev = 5.56826e-08
