Mesh with 3078 cells, shape condition numbers: min = 18.1354, max = 101.203, mean = 53.0871, stddev = 15.9013
